// Jest Snapshot v1, https://goo.gl/fbAQLP

exports[`renders with correct texts 1`] = `
<div>
  <div
    class="my-4 text-center text-xl font-normal lg:ml-20 lg:text-left"
  >
    <a
      href="/"
    >
      HOME /
    </a>
    <span
      class="uppercase text-black"
    >
      Half Sleeve Cut and Sew Solid
    </span>
  </div>
  <div
    class="lg:flex lg:justify-center"
  >
    <div
      class="productCards justify-evenly md:justify-evenly lg:mx-20 lg:w-11/12 lg:justify-start lg:gap-4"
    >
      <div
        class="productCard mb-7 w-40 md:w-60 lg:w-72"
      >
        <div
          class="productCardImg"
        >
          <a
            href="/half-sleeve-cut-and-sew-solid/product/half-sleeve-cut-and-sew-solid-pattern-10"
          >
            <img
              alt="Half Sleeve Cut and Sew Solid(pattern 10)"
              src="https://res.cloudinary.com/du3oueesv/image/upload/v1659873489/shopping%20cart/half%20sleeve%20cut/mthcssp10-solid-350x435_zvwuma.jpg"
            />
          </a>
        </div>
        <div
          class="productCard__info pt-2 text-sm text-[#565656]"
        >
          <h3>
            Half Sleeve Cut and Sew Solid(pattern 10)
          </h3>
          <p
            class="font-bold text-black"
          >
            ৳450
          </p>
        </div>
      </div>
      <div
        class="productCard mb-7 w-40 md:w-60 lg:w-72"
      >
        <div
          class="productCardImg"
        >
          <a
            href="/half-sleeve-cut-and-sew-solid/product/half-sleeve-cut-and-sew-solid-pattern-11"
          >
            <img
              alt="Half Sleeve Cut and Sew Solid(pattern 11)"
              src="https://res.cloudinary.com/du3oueesv/image/upload/v1659873473/shopping%20cart/half%20sleeve%20cut/mthcssp11-solid-350x435_jooe3k.jpg"
            />
          </a>
        </div>
        <div
          class="productCard__info pt-2 text-sm text-[#565656]"
        >
          <h3>
            Half Sleeve Cut and Sew Solid(pattern 11)
          </h3>
          <p
            class="font-bold text-black"
          >
            ৳450
          </p>
        </div>
      </div>
      <div
        class="productCard mb-7 w-40 md:w-60 lg:w-72"
      >
        <div
          class="productCardImg"
        >
          <a
            href="/half-sleeve-cut-and-sew-solid/product/half-sleeve-cut-and-sew-solid-pattern-12"
          >
            <img
              alt="Half Sleeve Cut and Sew Solid(pattern 12)"
              src="https://res.cloudinary.com/du3oueesv/image/upload/v1659873453/shopping%20cart/half%20sleeve%20cut/mthcssp12-solid-350x435_zkricr.jpg"
            />
          </a>
        </div>
        <div
          class="productCard__info pt-2 text-sm text-[#565656]"
        >
          <h3>
            Half Sleeve Cut and Sew Solid(pattern 12)
          </h3>
          <p
            class="font-bold text-black"
          >
            ৳450
          </p>
        </div>
      </div>
      <div
        class="productCard mb-7 w-40 md:w-60 lg:w-72"
      >
        <div
          class="productCardImg"
        >
          <a
            href="/half-sleeve-cut-and-sew-solid/product/half-sleeve-cut-and-sew-solid-pattern-13"
          >
            <img
              alt="Half Sleeve Cut and Sew Solid(pattern 13)"
              src="https://res.cloudinary.com/du3oueesv/image/upload/v1659873413/shopping%20cart/half%20sleeve%20cut/mthcssp13-solid-350x435_zutbr0.jpg"
            />
          </a>
        </div>
        <div
          class="productCard__info pt-2 text-sm text-[#565656]"
        >
          <h3>
            Half Sleeve Cut and Sew Solid(pattern 13)
          </h3>
          <p
            class="font-bold text-black"
          >
            ৳450
          </p>
        </div>
      </div>
      <div
        class="productCard mb-7 w-40 md:w-60 lg:w-72"
      >
        <div
          class="productCardImg"
        >
          <a
            href="/half-sleeve-cut-and-sew-solid/product/half-sleeve-cut-and-sew-solid-pattern-14"
          >
            <img
              alt="Half Sleeve Cut and Sew Solid(pattern 14)"
              src="https://res.cloudinary.com/du3oueesv/image/upload/v1659873393/shopping%20cart/half%20sleeve%20cut/mthcssp14-solid-350x435_sc3l07.jpg"
            />
          </a>
        </div>
        <div
          class="productCard__info pt-2 text-sm text-[#565656]"
        >
          <h3>
            Half Sleeve Cut and Sew Solid(pattern 14)
          </h3>
          <p
            class="font-bold text-black"
          >
            ৳450
          </p>
        </div>
      </div>
      <div
        class="productCard mb-7 w-40 md:w-60 lg:w-72"
      >
        <div
          class="productCardImg"
        >
          <a
            href="/half-sleeve-cut-and-sew-solid/product/half-sleeve-cut-and-sew-solid-pattern-15"
          >
            <img
              alt="Half Sleeve Cut and Sew Solid(pattern 15)"
              src="https://res.cloudinary.com/du3oueesv/image/upload/v1659873363/shopping%20cart/half%20sleeve%20cut/mthcssp15-solid-350x435_mz8sws.jpg"
            />
          </a>
        </div>
        <div
          class="productCard__info pt-2 text-sm text-[#565656]"
        >
          <h3>
            Half Sleeve Cut and Sew Solid(pattern 15)
          </h3>
          <p
            class="font-bold text-black"
          >
            ৳450
          </p>
        </div>
      </div>
    </div>
  </div>
</div>
`;
