// Jest Snapshot v1, https://goo.gl/fbAQLP

exports[`first image in carousel image have text,dots,buttons 1`] = `
<div>
  <div
    id="carousel_container"
  >
    <div
      class="carousel_item"
      id="carousel_item_1"
    >
      <img
        alt="shop_image"
        src="https://res.cloudinary.com/du3oueesv/image/upload/v1659705449/shopping%20cart/Rectangle_1_yxbsci.png"
      />
      <ul
        class="nav_dots"
      >
        <li
          class="dot"
          style="background-color: rgb(255, 255, 255);"
        />
        <li
          class="dot"
        />
      </ul>
    </div>
    <div
      class="overlay"
    />
    <div
      class="text"
    >
      <h4>
        SUMMER ARRIVAL
      </h4>
      <h4>
        NEW CUT & SEW T-SHIRTS
      </h4>
    </div>
    <button
      class="view_collection_btn"
    >
      VIEW COLLECTION 
      &gt; &gt;
    </button>
    <div
      id="nav_arrow"
    >
      <button
        id="prev_arrow"
      >
        &lt;
      </button>
      <button
        id="next_arrow"
      >
        &gt;
      </button>
    </div>
  </div>
</div>
`;
